// Jest Snapshot v1, https://goo.gl/fbAQLP

exports[`the quotes component fully renders 1`] = `
<div
  className="quote"
>
  <span>
    sample text
  </span>
  <span>
     -- 
  </span>
  <span>
    John Doe
  </span>
</div>
`;
